
> lumeo-crm@0.1.0 build
> next build

   Γû▓ Next.js 15.5.18
   - Environments: .env.local

   Creating an optimized production build ...
 Γ£ô Compiled successfully in 16.7s
   Linting and checking validity of types ...

./src/app/(app)/assets/page.tsx
11:3  Warning: 'User' is defined but never used.  @typescript-eslint/no-unused-vars

./src/app/(app)/attendance/page.tsx
8:3  Warning: 'CheckCircle' is defined but never used.  @typescript-eslint/no-unused-vars
12:3  Warning: 'AlertCircle' is defined but never used.  @typescript-eslint/no-unused-vars
34:3  Warning: 'formatCompactINR' is defined but never used.  @typescript-eslint/no-unused-vars
43:48  Warning: 'companyLeavesLoading' is assigned a value but never used.  @typescript-eslint/no-unused-vars

./src/app/(app)/calendar/page.tsx
4:21  Warning: 'useOrders' is defined but never used.  @typescript-eslint/no-unused-vars
5:10  Warning: 'CalendarDays' is defined but never used.  @typescript-eslint/no-unused-vars
5:58  Warning: 'ShoppingCart' is defined but never used.  @typescript-eslint/no-unused-vars
25:9  Warning: The 'events' logical expression could make the dependencies of useMemo Hook (at line 37) change on every render. Move it inside the useMemo callback. Alternatively, wrap the initialization of 'events' in its own useMemo() Hook.  react-hooks/exhaustive-deps

./src/app/(app)/campaigns/page.tsx
5:36  Warning: 'Clock' is defined but never used.  @typescript-eslint/no-unused-vars

./src/app/(app)/dashboard/page.tsx
15:44  Warning: 'formatINR' is defined but never used.  @typescript-eslint/no-unused-vars

./src/app/(app)/events/page.tsx
13:3  Warning: 'Search' is defined but never used.  @typescript-eslint/no-unused-vars
28:10  Warning: 'formatDateTimeLocal' is defined but never used.  @typescript-eslint/no-unused-vars
264:9  Warning: The 'allEvents' logical expression could make the dependencies of useMemo Hook (at line 274) change on every render. Move it inside the useMemo callback. Alternatively, wrap the initialization of 'allEvents' in its own useMemo() Hook.  react-hooks/exhaustive-deps

./src/app/(app)/expenses/page.tsx
27:50  Warning: 'companyExpensesLoading' is assigned a value but never used.  @typescript-eslint/no-unused-vars

./src/app/(app)/holidays/page.tsx
4:50  Warning: 'MapPin' is defined but never used.  @typescript-eslint/no-unused-vars

./src/app/(app)/leads/page.tsx
64:14  Warning: 'err' is defined but never used.  @typescript-eslint/no-unused-vars

./src/app/(app)/leads/[id]/page.tsx
5:40  Warning: 'Phone' is defined but never used.  @typescript-eslint/no-unused-vars
5:68  Warning: 'MapPin' is defined but never used.  @typescript-eslint/no-unused-vars

./src/app/(app)/notice-board/page.tsx
6:61  Warning: 'Search' is defined but never used.  @typescript-eslint/no-unused-vars
68:9  Warning: The 'allNotices' logical expression could make the dependencies of useMemo Hook (at line 77) change on every render. Move it inside the useMemo callback. Alternatively, wrap the initialization of 'allNotices' in its own useMemo() Hook.  react-hooks/exhaustive-deps

./src/app/(app)/orders/page.tsx
27:31  Warning: 'formatDateTime' is defined but never used.  @typescript-eslint/no-unused-vars
66:10  Warning: 'itemTotal' is defined but never used.  @typescript-eslint/no-unused-vars
306:9  Warning: The 'allOrders' logical expression could make the dependencies of useMemo Hook (at line 317) change on every render. Move it inside the useMemo callback. Alternatively, wrap the initialization of 'allOrders' in its own useMemo() Hook.  react-hooks/exhaustive-deps

./src/app/(app)/payroll/page.tsx
6:3  Warning: 'DollarSign' is defined but never used.  @typescript-eslint/no-unused-vars
7:3  Warning: 'User' is defined but never used.  @typescript-eslint/no-unused-vars

./src/app/(app)/pipeline/page.tsx
3:20  Warning: 'useCallback' is defined but never used.  @typescript-eslint/no-unused-vars
12:3  Warning: 'defaultDropAnimationSideEffects' is defined but never used.  @typescript-eslint/no-unused-vars

./src/app/(app)/products/page.tsx
235:9  Warning: The 'allProducts' logical expression could make the dependencies of useMemo Hook (at line 243) change on every render. Move it inside the useMemo callback. Alternatively, wrap the initialization of 'allProducts' in its own useMemo() Hook.  react-hooks/exhaustive-deps

./src/app/(app)/settings/page.tsx
4:10  Warning: 'useMutation' is defined but never used.  @typescript-eslint/no-unused-vars
4:23  Warning: 'useQueryClient' is defined but never used.  @typescript-eslint/no-unused-vars
6:40  Warning: 'Loader2' is defined but never used.  @typescript-eslint/no-unused-vars
7:3  Warning: 'CheckCircle' is defined but never used.  @typescript-eslint/no-unused-vars
7:16  Warning: 'XCircle' is defined but never used.  @typescript-eslint/no-unused-vars
11:33  Warning: 'FolderGit2' is defined but never used.  @typescript-eslint/no-unused-vars
12:16  Warning: 'Copy' is defined but never used.  @typescript-eslint/no-unused-vars
12:22  Warning: 'ExternalLink' is defined but never used.  @typescript-eslint/no-unused-vars
12:36  Warning: 'Trash2' is defined but never used.  @typescript-eslint/no-unused-vars
12:44  Warning: 'Plus' is defined but never used.  @typescript-eslint/no-unused-vars
14:15  Warning: 'LucideIcon' is defined but never used.  @typescript-eslint/no-unused-vars
15:10  Warning: 'useCurrentCompany' is defined but never used.  @typescript-eslint/no-unused-vars
16:10  Warning: 'updateProfile' is defined but never used.  @typescript-eslint/no-unused-vars
16:25  Warning: 'updateCompany' is defined but never used.  @typescript-eslint/no-unused-vars
16:40  Warning: 'updatePassword' is defined but never used.  @typescript-eslint/no-unused-vars
17:10  Warning: 'PageShell' is defined but never used.  @typescript-eslint/no-unused-vars
23:10  Warning: 'EmptyState' is defined but never used.  @typescript-eslint/no-unused-vars
87:9  Warning: 'isManagerOrAbove' is assigned a value but never used.  @typescript-eslint/no-unused-vars

./src/app/(app)/tickets/page.tsx
18:3  Warning: 'MoreHorizontal' is defined but never used.  @typescript-eslint/no-unused-vars
92:9  Warning: 'statusMeta' is assigned a value but never used.  @typescript-eslint/no-unused-vars
93:9  Warning: 'priorityMeta' is assigned a value but never used.  @typescript-eslint/no-unused-vars
278:9  Warning: The 'allTickets' logical expression could make the dependencies of useMemo Hook (at line 287) change on every render. Move it inside the useMemo callback. Alternatively, wrap the initialization of 'allTickets' in its own useMemo() Hook.  react-hooks/exhaustive-deps
306:21  Warning: 'updated' is defined but never used.  @typescript-eslint/no-unused-vars
321:21  Warning: 'updated' is defined but never used.  @typescript-eslint/no-unused-vars

./src/app/(auth)/reset-password/page.tsx
3:20  Warning: 'useEffect' is defined but never used.  @typescript-eslint/no-unused-vars

./src/app/(portal)/layout.tsx
4:10  Warning: 'Topbar' is defined but never used.  @typescript-eslint/no-unused-vars

./src/app/(portal)/portal/page.tsx
8:10  Warning: 'PageShell' is defined but never used.  @typescript-eslint/no-unused-vars

./src/app/public/invoice/[token]/page.tsx
8:33  Warning: 'FileText' is defined but never used.  @typescript-eslint/no-unused-vars
8:43  Warning: 'Download' is defined but never used.  @typescript-eslint/no-unused-vars
149:21  Warning: Using `<img>` could result in slower LCP and higher bandwidth. Consider using `<Image />` from `next/image` or a custom image loader to automatically optimize images. This may incur additional usage or cost from your provider. See: https://nextjs.org/docs/messages/no-img-element  @next/next/no-img-element

./src/app/public/quote/[token]/page.tsx
8:33  Warning: 'FileText' is defined but never used.  @typescript-eslint/no-unused-vars
8:43  Warning: 'Download' is defined but never used.  @typescript-eslint/no-unused-vars
146:21  Warning: Using `<img>` could result in slower LCP and higher bandwidth. Consider using `<Image />` from `next/image` or a custom image loader to automatically optimize images. This may incur additional usage or cost from your provider. See: https://nextjs.org/docs/messages/no-img-element  @next/next/no-img-element

./src/app/saas/companies/page.tsx
5:29  Warning: 'MoreHorizontal' is defined but never used.  @typescript-eslint/no-unused-vars

./src/components/activity-feed.tsx
1:20  Warning: 'BellRing' is defined but never used.  @typescript-eslint/no-unused-vars

./src/components/activity-timeline.tsx
5:64  Warning: 'ArrowRight' is defined but never used.  @typescript-eslint/no-unused-vars
10:26  Warning: 'getInitials' is defined but never used.  @typescript-eslint/no-unused-vars

./src/components/ai-chat-widget.tsx
4:10  Warning: 'MessageSquare' is defined but never used.  @typescript-eslint/no-unused-vars
50:14  Warning: 'error' is defined but never used.  @typescript-eslint/no-unused-vars

./src/components/attendance-widget.tsx
3:10  Warning: 'useEffect' is defined but never used.  @typescript-eslint/no-unused-vars
5:17  Warning: 'Coffee' is defined but never used.  @typescript-eslint/no-unused-vars
5:33  Warning: 'Play' is defined but never used.  @typescript-eslint/no-unused-vars
13:9  Warning: 'router' is assigned a value but never used.  @typescript-eslint/no-unused-vars

./src/components/calendar-settings.tsx
8:94  Warning: 'Clock' is defined but never used.  @typescript-eslint/no-unused-vars
8:101  Warning: 'ShieldCheck' is defined but never used.  @typescript-eslint/no-unused-vars
8:114  Warning: 'Zap' is defined but never used.  @typescript-eslint/no-unused-vars
8:129  Warning: 'HelpCircle' is defined but never used.  @typescript-eslint/no-unused-vars

./src/components/contract-settings.tsx
7:3  Warning: 'Hash' is defined but never used.  @typescript-eslint/no-unused-vars
7:9  Warning: 'Save' is defined but never used.  @typescript-eslint/no-unused-vars
11:10  Warning: 'cn' is defined but never used.  @typescript-eslint/no-unused-vars

./src/components/custom-fields-settings.tsx
9:15  Warning: 'CustomFieldDefinition' is defined but never used.  @typescript-eslint/no-unused-vars

./src/components/document-library.tsx
69:6  Warning: React Hook useCallback has a missing dependency: 'handleFiles'. Either include it or remove the dependency array.  react-hooks/exhaustive-deps

./src/components/error-boundary.tsx
3:10  Warning: 'useEffect' is defined but never used.  @typescript-eslint/no-unused-vars

./src/components/finance-settings.tsx
7:3  Warning: 'FileText' is defined but never used.  @typescript-eslint/no-unused-vars
7:13  Warning: 'Hash' is defined but never used.  @typescript-eslint/no-unused-vars
7:19  Warning: 'Percent' is defined but never used.  @typescript-eslint/no-unused-vars
7:28  Warning: 'CalendarDays' is defined but never used.  @typescript-eslint/no-unused-vars
21:24  Warning: 'setPaymentTerms' is assigned a value but never used.  @typescript-eslint/no-unused-vars
24:23  Warning: 'setInvoiceLogo' is assigned a value but never used.  @typescript-eslint/no-unused-vars
25:31  Warning: 'setAuthorisedSignatory' is assigned a value but never used.  @typescript-eslint/no-unused-vars
300:17  Warning: Image elements must have an alt prop, either with meaningful text, or an empty string for decorative images.  jsx-a11y/alt-text
314:29  Warning: Image elements must have an alt prop, either with meaningful text, or an empty string for decorative images.  jsx-a11y/alt-text
323:29  Warning: Image elements must have an alt prop, either with meaningful text, or an empty string for decorative images.  jsx-a11y/alt-text

./src/components/kpi-strip.tsx
28:15  Warning: 'maxVal' is assigned a value but never used.  @typescript-eslint/no-unused-vars

./src/components/lead-settings.tsx
8:28  Warning: 'UserCheck' is defined but never used.  @typescript-eslint/no-unused-vars

./src/components/leaves-settings.tsx
7:40  Warning: 'Info' is defined but never used.  @typescript-eslint/no-unused-vars
230:43  Warning: 'isArchivedTab' is defined but never used.  @typescript-eslint/no-unused-vars

./src/components/module-settings.tsx
11:10  Warning: 'cn' is defined but never used.  @typescript-eslint/no-unused-vars

./src/components/notifications-settings.tsx
5:32  Warning: 'XCircle' is defined but never used.  @typescript-eslint/no-unused-vars

./src/components/payment-credentials-settings.tsx
6:3  Warning: 'CreditCard' is defined but never used.  @typescript-eslint/no-unused-vars
6:37  Warning: 'XCircle' is defined but never used.  @typescript-eslint/no-unused-vars
7:3  Warning: 'DollarSign' is defined but never used.  @typescript-eslint/no-unused-vars
7:15  Warning: 'ShieldCheck' is defined but never used.  @typescript-eslint/no-unused-vars
7:28  Warning: 'Key' is defined but never used.  @typescript-eslint/no-unused-vars

./src/components/profile-settings.tsx
8:9  Warning: 'Calendar' is defined but never used.  @typescript-eslint/no-unused-vars
114:21  Warning: Using `<img>` could result in slower LCP and higher bandwidth. Consider using `<Image />` from `next/image` or a custom image loader to automatically optimize images. This may incur additional usage or cost from your provider. See: https://nextjs.org/docs/messages/no-img-element  @next/next/no-img-element

./src/components/project-settings.tsx
6:3  Warning: 'FolderGit2' is defined but never used.  @typescript-eslint/no-unused-vars
6:46  Warning: 'Shield' is defined but never used.  @typescript-eslint/no-unused-vars

./src/components/quotes-invoices.tsx
7:39  Warning: 'Receipt' is defined but never used.  @typescript-eslint/no-unused-vars
19:15  Warning: 'Quote' is defined but never used.  @typescript-eslint/no-unused-vars
19:22  Warning: 'Invoice' is defined but never used.  @typescript-eslint/no-unused-vars

./src/components/revenue-chart.tsx
15:28  Warning: 'formatINR' is defined but never used.  @typescript-eslint/no-unused-vars

./src/components/roles-permissions-settings.tsx
332:17  Warning: 'user' is assigned a value but never used.  @typescript-eslint/no-unused-vars
587:72  Warning: 'i' is defined but never used.  @typescript-eslint/no-unused-vars

./src/components/security-settings.tsx
6:55  Warning: 'Mail' is defined but never used.  @typescript-eslint/no-unused-vars
7:21  Warning: 'AlertTriangle' is defined but never used.  @typescript-eslint/no-unused-vars
7:44  Warning: 'RefreshCw' is defined but never used.  @typescript-eslint/no-unused-vars
8:3  Warning: 'Check' is defined but never used.  @typescript-eslint/no-unused-vars
37:10  Warning: 'disablingMethod' is assigned a value but never used.  @typescript-eslint/no-unused-vars
364:29  Warning: Using `<img>` could result in slower LCP and higher bandwidth. Consider using `<Image />` from `next/image` or a custom image loader to automatically optimize images. This may incur additional usage or cost from your provider. See: https://nextjs.org/docs/messages/no-img-element  @next/next/no-img-element

./src/components/sidebar.tsx
7:3  Warning: 'CheckSquare' is defined but never used.  @typescript-eslint/no-unused-vars
9:3  Warning: 'CreditCard' is defined but never used.  @typescript-eslint/no-unused-vars
10:3  Warning: 'FileText' is defined but never used.  @typescript-eslint/no-unused-vars
14:3  Warning: 'UserCircle2' is defined but never used.  @typescript-eslint/no-unused-vars
15:3  Warning: 'Users' is defined but never used.  @typescript-eslint/no-unused-vars
18:3  Warning: 'Clock' is defined but never used.  @typescript-eslint/no-unused-vars
19:3  Warning: 'Coins' is defined but never used.  @typescript-eslint/no-unused-vars
20:3  Warning: 'Laptop' is defined but never used.  @typescript-eslint/no-unused-vars
23:3  Warning: 'Megaphone' is defined but never used.  @typescript-eslint/no-unused-vars
38:34  Warning: 'getInitials' is defined but never used.  @typescript-eslint/no-unused-vars

./src/components/ticket-settings.tsx
6:75  Warning: 'Check' is defined but never used.  @typescript-eslint/no-unused-vars

./src/components/topbar.tsx
292:16  Warning: Using `<img>` could result in slower LCP and higher bandwidth. Consider using `<Image />` from `next/image` or a custom image loader to automatically optimize images. This may incur additional usage or cost from your provider. See: https://nextjs.org/docs/messages/no-img-element  @next/next/no-img-element

./src/components/workflows-settings.tsx
7:17  Warning: 'ToggleLeft' is defined but never used.  @typescript-eslint/no-unused-vars
7:29  Warning: 'ToggleRight' is defined but never used.  @typescript-eslint/no-unused-vars
10:15  Warning: 'WorkflowRule' is defined but never used.  @typescript-eslint/no-unused-vars

./src/lib/queries.ts
23:3  Warning: 'getAccessToken' is defined but never used.  @typescript-eslint/no-unused-vars
26:3  Warning: 'createLead' is defined but never used.  @typescript-eslint/no-unused-vars
27:3  Warning: 'updateLead' is defined but never used.  @typescript-eslint/no-unused-vars
31:3  Warning: 'exportLeads' is defined but never used.  @typescript-eslint/no-unused-vars
41:3  Warning: 'patchDeal' is defined but never used.  @typescript-eslint/no-unused-vars
60:3  Warning: 'fetchShiftHistory' is defined but never used.  @typescript-eslint/no-unused-vars

info  - Need to disable some ESLint rules? Learn more here: https://nextjs.org/docs/app/api-reference/config/eslint#disabling-rules
   Collecting page data ...
   Generating static pages (0/45) ...
   Generating static pages (11/45) 
   Generating static pages (22/45) 
   Generating static pages (33/45) 
 Γ£ô Generating static pages (45/45)
   Finalizing page optimization ...
   Collecting build traces ...

Route (app)                                 Size  First Load JS
Γöî Γùï /                                      132 B         102 kB
Γö£ Γùï /_not-found                             1 kB         103 kB
Γö£ ╞Æ /(.)deals/[id]                        1.5 kB         194 kB
Γö£ ╞Æ /(.)leads/[id]                       3.48 kB         182 kB
Γö£ Γùï /accept-invite                       25.5 kB         168 kB
Γö£ Γùï /analytics                             11 kB         321 kB
Γö£ Γùï /assets                               6.3 kB         155 kB
Γö£ Γùï /attendance                          7.22 kB         166 kB
Γö£ Γùï /billing                             7.29 kB         159 kB
Γö£ ╞Æ /book/[slug]                         9.99 kB         152 kB
Γö£ Γùï /calendar                            4.66 kB         153 kB
Γö£ Γùï /campaigns                           4.66 kB         146 kB
Γö£ Γùï /customers                           4.65 kB         170 kB
Γö£ Γùï /dashboard                           14.9 kB         442 kB
Γö£ Γùï /deals                               4.67 kB         160 kB
Γö£ ╞Æ /deals/[id]                          3.02 kB         185 kB
Γö£ Γùï /events                              6.53 kB         172 kB
Γö£ Γùï /expenses                            6.52 kB         155 kB
Γö£ Γùï /forgot-password                     2.02 kB         135 kB
Γö£ Γùï /holidays                            4.26 kB         153 kB
Γö£ Γùï /invoices                            5.78 kB         147 kB
Γö£ Γùï /leads                               5.68 kB         171 kB
Γö£ ╞Æ /leads/[id]                          4.85 kB         173 kB
Γö£ Γùï /login                               3.21 kB         137 kB
Γö£ Γùï /notes                                5.3 kB         313 kB
Γö£ Γùï /notice-board                        6.17 kB         168 kB
Γö£ Γùï /notifications                       4.87 kB         157 kB
Γö£ Γùï /orders                              7.29 kB         173 kB
Γö£ Γùï /payroll                             5.96 kB         165 kB
Γö£ Γùï /pipeline                            8.04 kB         176 kB
Γö£ Γùï /portal                              2.38 kB         145 kB
Γö£ Γùï /portal/invoices                     2.47 kB         151 kB
Γö£ Γùï /portal/tickets                      2.52 kB         151 kB
Γö£ Γùï /products                            5.99 kB         171 kB
Γö£ ╞Æ /public/invoice/[token]              2.23 kB         161 kB
Γö£ ╞Æ /public/quote/[token]                2.21 kB         160 kB
Γö£ Γùï /quotes                              6.38 kB         148 kB
Γö£ Γùï /register                            2.21 kB         136 kB
Γö£ Γùï /reset-password                      2.82 kB         136 kB
Γö£ Γùï /saas                                2.51 kB         132 kB
Γö£ Γùï /saas/billing                        2.13 kB         161 kB
Γö£ Γùï /saas/companies                      2.01 kB         161 kB
Γö£ Γùï /saas/settings                       2.65 kB         133 kB
Γö£ Γùï /saas/users                          2.02 kB         132 kB
Γö£ Γùï /settings                            79.9 kB         245 kB
Γö£ Γùï /settings/integrations               7.39 kB         201 kB
Γö£ Γùï /tasks                               4.06 kB         159 kB
Γö£ Γùï /team                                4.68 kB         157 kB
Γö£ Γùï /team-attendance                     4.34 kB         153 kB
Γöö Γùï /tickets                             6.39 kB         172 kB
+ First Load JS shared by all             102 kB
  Γö£ chunks/1255-eae4096fb21f1304.js        46 kB
  Γö£ chunks/4bd1b696-100b9d70ed4e49c1.js  54.2 kB
  Γöö other shared chunks (total)          2.02 kB


╞Æ Middleware                             34.4 kB

Γùï  (Static)   prerendered as static content
╞Æ  (Dynamic)  server-rendered on demand

